
Allocating common symbols
Common symbol       size              file

pos                 0x4               ..\obj\main.o
ledmax              0x4               ..\obj\main.o
TIMER_BUF           0x1e0             ..\obj\main.o
dma_status          0x4               ..\obj\main.o
channel             0x1               ..\obj\main.o
str                 0x4               ..\obj\main.o
LED_BUF             0x18              ..\obj\main.o

Discarded input sections

 .text          0x00000000        0x0 ..\obj\startup_stm32f4xx.o
 .data          0x00000000        0x0 ..\obj\startup_stm32f4xx.o
 .bss           0x00000000        0x0 ..\obj\startup_stm32f4xx.o
 .text          0x00000000        0x0 ..\obj\main.o
 .data          0x00000000        0x0 ..\obj\main.o
 .bss           0x00000000        0x0 ..\obj\main.o
 .text          0x00000000        0x0 ..\obj\stm32f4xx_rcc.o
 .data          0x00000000       0x10 ..\obj\stm32f4xx_rcc.o
 .bss           0x00000000        0x0 ..\obj\stm32f4xx_rcc.o
 .text.RCC_DeInit
                0x00000000       0x50 ..\obj\stm32f4xx_rcc.o
 .text.RCC_HSEConfig
                0x00000000       0x24 ..\obj\stm32f4xx_rcc.o
 .text.RCC_WaitForHSEStartUp
                0x00000000       0x50 ..\obj\stm32f4xx_rcc.o
 .text.RCC_AdjustHSICalibrationValue
                0x00000000       0x3c ..\obj\stm32f4xx_rcc.o
 .text.RCC_HSICmd
                0x00000000       0x20 ..\obj\stm32f4xx_rcc.o
 .text.RCC_LSEConfig
                0x00000000       0x40 ..\obj\stm32f4xx_rcc.o
 .text.RCC_LSICmd
                0x00000000       0x20 ..\obj\stm32f4xx_rcc.o
 .text.RCC_PLLConfig
                0x00000000       0x3c ..\obj\stm32f4xx_rcc.o
 .text.RCC_PLLCmd
                0x00000000       0x20 ..\obj\stm32f4xx_rcc.o
 .text.RCC_PLLI2SConfig
                0x00000000       0x28 ..\obj\stm32f4xx_rcc.o
 .text.RCC_PLLI2SCmd
                0x00000000       0x20 ..\obj\stm32f4xx_rcc.o
 .text.RCC_ClockSecuritySystemCmd
                0x00000000       0x20 ..\obj\stm32f4xx_rcc.o
 .text.RCC_MCO1Config
                0x00000000       0x3c ..\obj\stm32f4xx_rcc.o
 .text.RCC_MCO2Config
                0x00000000       0x3c ..\obj\stm32f4xx_rcc.o
 .text.RCC_SYSCLKConfig
                0x00000000       0x38 ..\obj\stm32f4xx_rcc.o
 .text.RCC_GetSYSCLKSource
                0x00000000       0x1c ..\obj\stm32f4xx_rcc.o
 .text.RCC_HCLKConfig
                0x00000000       0x38 ..\obj\stm32f4xx_rcc.o
 .text.RCC_PCLK1Config
                0x00000000       0x38 ..\obj\stm32f4xx_rcc.o
 .text.RCC_PCLK2Config
                0x00000000       0x38 ..\obj\stm32f4xx_rcc.o
 .text.RCC_GetClocksFreq
                0x00000000      0x154 ..\obj\stm32f4xx_rcc.o
 .text.RCC_RTCCLKConfig
                0x00000000       0x5c ..\obj\stm32f4xx_rcc.o
 .text.RCC_RTCCLKCmd
                0x00000000       0x20 ..\obj\stm32f4xx_rcc.o
 .text.RCC_BackupResetCmd
                0x00000000       0x20 ..\obj\stm32f4xx_rcc.o
 .text.RCC_I2SCLKConfig
                0x00000000       0x1c ..\obj\stm32f4xx_rcc.o
 .text.RCC_AHB2PeriphClockCmd
                0x00000000       0x3c ..\obj\stm32f4xx_rcc.o
 .text.RCC_AHB3PeriphClockCmd
                0x00000000       0x3c ..\obj\stm32f4xx_rcc.o
 .text.RCC_APB2PeriphClockCmd
                0x00000000       0x3c ..\obj\stm32f4xx_rcc.o
 .text.RCC_AHB1PeriphResetCmd
                0x00000000       0x3c ..\obj\stm32f4xx_rcc.o
 .text.RCC_AHB2PeriphResetCmd
                0x00000000       0x3c ..\obj\stm32f4xx_rcc.o
 .text.RCC_AHB3PeriphResetCmd
                0x00000000       0x3c ..\obj\stm32f4xx_rcc.o
 .text.RCC_APB1PeriphResetCmd
                0x00000000       0x3c ..\obj\stm32f4xx_rcc.o
 .text.RCC_APB2PeriphResetCmd
                0x00000000       0x3c ..\obj\stm32f4xx_rcc.o
 .text.RCC_AHB1PeriphClockLPModeCmd
                0x00000000       0x3c ..\obj\stm32f4xx_rcc.o
 .text.RCC_AHB2PeriphClockLPModeCmd
                0x00000000       0x3c ..\obj\stm32f4xx_rcc.o
 .text.RCC_AHB3PeriphClockLPModeCmd
                0x00000000       0x3c ..\obj\stm32f4xx_rcc.o
 .text.RCC_APB1PeriphClockLPModeCmd
                0x00000000       0x3c ..\obj\stm32f4xx_rcc.o
 .text.RCC_APB2PeriphClockLPModeCmd
                0x00000000       0x3c ..\obj\stm32f4xx_rcc.o
 .text.RCC_ITConfig
                0x00000000       0x4c ..\obj\stm32f4xx_rcc.o
 .text.RCC_GetFlagStatus
                0x00000000       0x74 ..\obj\stm32f4xx_rcc.o
 .text.RCC_ClearFlag
                0x00000000       0x1c ..\obj\stm32f4xx_rcc.o
 .text.RCC_GetITStatus
                0x00000000       0x34 ..\obj\stm32f4xx_rcc.o
 .text.RCC_ClearITPendingBit
                0x00000000       0x20 ..\obj\stm32f4xx_rcc.o
 .text          0x00000000        0x0 ..\obj\stm32f4xx_gpio.o
 .data          0x00000000        0x0 ..\obj\stm32f4xx_gpio.o
 .bss           0x00000000        0x0 ..\obj\stm32f4xx_gpio.o
 .text.GPIO_DeInit
                0x00000000      0x120 ..\obj\stm32f4xx_gpio.o
 .text.GPIO_StructInit
                0x00000000       0x34 ..\obj\stm32f4xx_gpio.o
 .text.GPIO_PinLockConfig
                0x00000000       0x44 ..\obj\stm32f4xx_gpio.o
 .text.GPIO_ReadInputDataBit
                0x00000000       0x34 ..\obj\stm32f4xx_gpio.o
 .text.GPIO_ReadInputData
                0x00000000       0x18 ..\obj\stm32f4xx_gpio.o
 .text.GPIO_ReadOutputDataBit
                0x00000000       0x34 ..\obj\stm32f4xx_gpio.o
 .text.GPIO_ReadOutputData
                0x00000000       0x18 ..\obj\stm32f4xx_gpio.o
 .text.GPIO_SetBits
                0x00000000       0x1c ..\obj\stm32f4xx_gpio.o
 .text.GPIO_ResetBits
                0x00000000       0x1c ..\obj\stm32f4xx_gpio.o
 .text.GPIO_WriteBit
                0x00000000       0x30 ..\obj\stm32f4xx_gpio.o
 .text.GPIO_Write
                0x00000000       0x1c ..\obj\stm32f4xx_gpio.o
 .text.GPIO_ToggleBits
                0x00000000       0x24 ..\obj\stm32f4xx_gpio.o
 .text          0x00000000        0x0 ..\obj\system_stm32f4xx.o
 .data          0x00000000       0x14 ..\obj\system_stm32f4xx.o
 .bss           0x00000000        0x0 ..\obj\system_stm32f4xx.o
 .text.SystemCoreClockUpdate
                0x00000000       0xf8 ..\obj\system_stm32f4xx.o
 .text          0x00000000        0x0 ..\obj\syscalls.o
 .data          0x00000000        0x0 ..\obj\syscalls.o
 .bss           0x00000000        0x4 ..\obj\syscalls.o
 .text._sbrk    0x00000000       0x3c ..\obj\syscalls.o
 .text.link     0x00000000       0x18 ..\obj\syscalls.o
 .text._close   0x00000000       0x18 ..\obj\syscalls.o
 .text._fstat   0x00000000       0x20 ..\obj\syscalls.o
 .text._isatty  0x00000000       0x14 ..\obj\syscalls.o
 .text._lseek   0x00000000       0x18 ..\obj\syscalls.o
 .text._read    0x00000000       0x18 ..\obj\syscalls.o
 .text._write   0x00000000       0x18 ..\obj\syscalls.o
 .text.abort    0x00000000        0x8 ..\obj\syscalls.o
 .debug_info    0x00000000      0x458 ..\obj\syscalls.o
 .debug_abbrev  0x00000000       0xe5 ..\obj\syscalls.o
 .debug_aranges
                0x00000000       0x60 ..\obj\syscalls.o
 .debug_ranges  0x00000000       0x50 ..\obj\syscalls.o
 .debug_line    0x00000000      0x1f4 ..\obj\syscalls.o
 .debug_str     0x00000000      0x339 ..\obj\syscalls.o
 .comment       0x00000000       0x6f ..\obj\syscalls.o
 .debug_frame   0x00000000      0x168 ..\obj\syscalls.o
 .ARM.attributes
                0x00000000       0x33 ..\obj\syscalls.o
 .text          0x00000000        0x0 ..\obj\stm32f4xx_dma.o
 .data          0x00000000        0x0 ..\obj\stm32f4xx_dma.o
 .bss           0x00000000        0x0 ..\obj\stm32f4xx_dma.o
 .text.DMA_StructInit
                0x00000000       0x6c ..\obj\stm32f4xx_dma.o
 .text.DMA_PeriphIncOffsetSizeConfig
                0x00000000       0x34 ..\obj\stm32f4xx_dma.o
 .text.DMA_FlowControllerConfig
                0x00000000       0x34 ..\obj\stm32f4xx_dma.o
 .text.DMA_SetCurrDataCounter
                0x00000000       0x1c ..\obj\stm32f4xx_dma.o
 .text.DMA_GetCurrDataCounter
                0x00000000       0x18 ..\obj\stm32f4xx_dma.o
 .text.DMA_DoubleBufferModeConfig
                0x00000000       0x3c ..\obj\stm32f4xx_dma.o
 .text.DMA_DoubleBufferModeCmd
                0x00000000       0x38 ..\obj\stm32f4xx_dma.o
 .text.DMA_MemoryTargetConfig
                0x00000000       0x2c ..\obj\stm32f4xx_dma.o
 .text.DMA_GetCurrentMemoryTarget
                0x00000000       0x30 ..\obj\stm32f4xx_dma.o
 .text.DMA_GetCmdStatus
                0x00000000       0x30 ..\obj\stm32f4xx_dma.o
 .text.DMA_GetFIFOStatus
                0x00000000       0x24 ..\obj\stm32f4xx_dma.o
 .text.DMA_GetFlagStatus
                0x00000000       0x74 ..\obj\stm32f4xx_dma.o
 .text.DMA_ClearFlag
                0x00000000       0x5c ..\obj\stm32f4xx_dma.o
 .text          0x00000000        0x0 ..\obj\misc.o
 .data          0x00000000        0x0 ..\obj\misc.o
 .bss           0x00000000        0x0 ..\obj\misc.o
 .text.NVIC_PriorityGroupConfig
                0x00000000       0x24 ..\obj\misc.o
 .text.NVIC_SetVectorTable
                0x00000000       0x2c ..\obj\misc.o
 .text.NVIC_SystemLPConfig
                0x00000000       0x40 ..\obj\misc.o
 .text.SysTick_CLKSourceConfig
                0x00000000       0x38 ..\obj\misc.o
 .text          0x00000000        0x0 ..\obj\stm32f4xx_tim.o
 .data          0x00000000        0x0 ..\obj\stm32f4xx_tim.o
 .bss           0x00000000        0x0 ..\obj\stm32f4xx_tim.o
 .text.TIM_DeInit
                0x00000000      0x1c0 ..\obj\stm32f4xx_tim.o
 .text.TIM_TimeBaseStructInit
                0x00000000       0x34 ..\obj\stm32f4xx_tim.o
 .text.TIM_PrescalerConfig
                0x00000000       0x28 ..\obj\stm32f4xx_tim.o
 .text.TIM_CounterModeConfig
                0x00000000       0x38 ..\obj\stm32f4xx_tim.o
 .text.TIM_SetCounter
                0x00000000       0x1c ..\obj\stm32f4xx_tim.o
 .text.TIM_SetAutoreload
                0x00000000       0x1c ..\obj\stm32f4xx_tim.o
 .text.TIM_GetCounter
                0x00000000       0x18 ..\obj\stm32f4xx_tim.o
 .text.TIM_GetPrescaler
                0x00000000       0x18 ..\obj\stm32f4xx_tim.o
 .text.TIM_UpdateDisableConfig
                0x00000000       0x40 ..\obj\stm32f4xx_tim.o
 .text.TIM_UpdateRequestConfig
                0x00000000       0x40 ..\obj\stm32f4xx_tim.o
 .text.TIM_SelectOnePulseMode
                0x00000000       0x38 ..\obj\stm32f4xx_tim.o
 .text.TIM_SetClockDivision
                0x00000000       0x38 ..\obj\stm32f4xx_tim.o
 .text.TIM_OC2Init
                0x00000000      0x110 ..\obj\stm32f4xx_tim.o
 .text.TIM_OC3Init
                0x00000000      0x10c ..\obj\stm32f4xx_tim.o
 .text.TIM_OC4Init
                0x00000000       0xcc ..\obj\stm32f4xx_tim.o
 .text.TIM_OCStructInit
                0x00000000       0x44 ..\obj\stm32f4xx_tim.o
 .text.TIM_SelectOCxM
                0x00000000       0xb0 ..\obj\stm32f4xx_tim.o
 .text.TIM_SetCompare1
                0x00000000       0x1c ..\obj\stm32f4xx_tim.o
 .text.TIM_SetCompare2
                0x00000000       0x1c ..\obj\stm32f4xx_tim.o
 .text.TIM_SetCompare3
                0x00000000       0x1c ..\obj\stm32f4xx_tim.o
 .text.TIM_SetCompare4
                0x00000000       0x1c ..\obj\stm32f4xx_tim.o
 .text.TIM_ForcedOC1Config
                0x00000000       0x38 ..\obj\stm32f4xx_tim.o
 .text.TIM_ForcedOC2Config
                0x00000000       0x3c ..\obj\stm32f4xx_tim.o
 .text.TIM_ForcedOC3Config
                0x00000000       0x38 ..\obj\stm32f4xx_tim.o
 .text.TIM_ForcedOC4Config
                0x00000000       0x3c ..\obj\stm32f4xx_tim.o
 .text.TIM_OC2PreloadConfig
                0x00000000       0x3c ..\obj\stm32f4xx_tim.o
 .text.TIM_OC3PreloadConfig
                0x00000000       0x38 ..\obj\stm32f4xx_tim.o
 .text.TIM_OC4PreloadConfig
                0x00000000       0x3c ..\obj\stm32f4xx_tim.o
 .text.TIM_OC1FastConfig
                0x00000000       0x38 ..\obj\stm32f4xx_tim.o
 .text.TIM_OC2FastConfig
                0x00000000       0x3c ..\obj\stm32f4xx_tim.o
 .text.TIM_OC3FastConfig
                0x00000000       0x38 ..\obj\stm32f4xx_tim.o
 .text.TIM_OC4FastConfig
                0x00000000       0x3c ..\obj\stm32f4xx_tim.o
 .text.TIM_ClearOC1Ref
                0x00000000       0x38 ..\obj\stm32f4xx_tim.o
 .text.TIM_ClearOC2Ref
                0x00000000       0x3c ..\obj\stm32f4xx_tim.o
 .text.TIM_ClearOC3Ref
                0x00000000       0x38 ..\obj\stm32f4xx_tim.o
 .text.TIM_ClearOC4Ref
                0x00000000       0x3c ..\obj\stm32f4xx_tim.o
 .text.TIM_OC1PolarityConfig
                0x00000000       0x38 ..\obj\stm32f4xx_tim.o
 .text.TIM_OC1NPolarityConfig
                0x00000000       0x38 ..\obj\stm32f4xx_tim.o
 .text.TIM_OC2PolarityConfig
                0x00000000       0x3c ..\obj\stm32f4xx_tim.o
 .text.TIM_OC2NPolarityConfig
                0x00000000       0x3c ..\obj\stm32f4xx_tim.o
 .text.TIM_OC3PolarityConfig
                0x00000000       0x3c ..\obj\stm32f4xx_tim.o
 .text.TIM_OC3NPolarityConfig
                0x00000000       0x3c ..\obj\stm32f4xx_tim.o
 .text.TIM_OC4PolarityConfig
                0x00000000       0x3c ..\obj\stm32f4xx_tim.o
 .text.TIM_CCxCmd
                0x00000000       0x54 ..\obj\stm32f4xx_tim.o
 .text.TIM_CCxNCmd
                0x00000000       0x54 ..\obj\stm32f4xx_tim.o
 .text.TIM_ICInit
                0x00000000       0xa8 ..\obj\stm32f4xx_tim.o
 .text.TIM_ICStructInit
                0x00000000       0x30 ..\obj\stm32f4xx_tim.o
 .text.TIM_PWMIConfig
                0x00000000       0xb8 ..\obj\stm32f4xx_tim.o
 .text.TIM_GetCapture1
                0x00000000       0x18 ..\obj\stm32f4xx_tim.o
 .text.TIM_GetCapture2
                0x00000000       0x18 ..\obj\stm32f4xx_tim.o
 .text.TIM_GetCapture3
                0x00000000       0x18 ..\obj\stm32f4xx_tim.o
 .text.TIM_GetCapture4
                0x00000000       0x18 ..\obj\stm32f4xx_tim.o
 .text.TIM_SetIC1Prescaler
                0x00000000       0x38 ..\obj\stm32f4xx_tim.o
 .text.TIM_SetIC2Prescaler
                0x00000000       0x3c ..\obj\stm32f4xx_tim.o
 .text.TIM_SetIC3Prescaler
                0x00000000       0x38 ..\obj\stm32f4xx_tim.o
 .text.TIM_SetIC4Prescaler
                0x00000000       0x3c ..\obj\stm32f4xx_tim.o
 .text.TIM_BDTRConfig
                0x00000000       0x50 ..\obj\stm32f4xx_tim.o
 .text.TIM_BDTRStructInit
                0x00000000       0x3c ..\obj\stm32f4xx_tim.o
 .text.TIM_CtrlPWMOutputs
                0x00000000       0x4c ..\obj\stm32f4xx_tim.o
 .text.TIM_SelectCOM
                0x00000000       0x40 ..\obj\stm32f4xx_tim.o
 .text.TIM_CCPreloadControl
                0x00000000       0x40 ..\obj\stm32f4xx_tim.o
 .text.TIM_ITConfig
                0x00000000       0x48 ..\obj\stm32f4xx_tim.o
 .text.TIM_GenerateEvent
                0x00000000       0x1c ..\obj\stm32f4xx_tim.o
 .text.TIM_GetFlagStatus
                0x00000000       0x38 ..\obj\stm32f4xx_tim.o
 .text.TIM_ClearFlag
                0x00000000       0x20 ..\obj\stm32f4xx_tim.o
 .text.TIM_GetITStatus
                0x00000000       0x54 ..\obj\stm32f4xx_tim.o
 .text.TIM_ClearITPendingBit
                0x00000000       0x20 ..\obj\stm32f4xx_tim.o
 .text.TIM_DMAConfig
                0x00000000       0x28 ..\obj\stm32f4xx_tim.o
 .text.TIM_SelectCCDMA
                0x00000000       0x40 ..\obj\stm32f4xx_tim.o
 .text.TIM_InternalClockConfig
                0x00000000       0x24 ..\obj\stm32f4xx_tim.o
 .text.TIM_ITRxExternalClockConfig
                0x00000000       0x30 ..\obj\stm32f4xx_tim.o
 .text.TIM_TIxExternalClockConfig
                0x00000000       0x5c ..\obj\stm32f4xx_tim.o
 .text.TIM_ETRClockMode1Config
                0x00000000       0x60 ..\obj\stm32f4xx_tim.o
 .text.TIM_ETRClockMode2Config
                0x00000000       0x40 ..\obj\stm32f4xx_tim.o
 .text.TIM_SelectInputTrigger
                0x00000000       0x38 ..\obj\stm32f4xx_tim.o
 .text.TIM_SelectOutputTrigger
                0x00000000       0x38 ..\obj\stm32f4xx_tim.o
 .text.TIM_SelectSlaveMode
                0x00000000       0x38 ..\obj\stm32f4xx_tim.o
 .text.TIM_SelectMasterSlaveMode
                0x00000000       0x38 ..\obj\stm32f4xx_tim.o
 .text.TIM_ETRConfig
                0x00000000       0x54 ..\obj\stm32f4xx_tim.o
 .text.TIM_EncoderInterfaceConfig
                0x00000000       0x98 ..\obj\stm32f4xx_tim.o
 .text.TIM_SelectHallSensor
                0x00000000       0x40 ..\obj\stm32f4xx_tim.o
 .text.TIM_RemapConfig
                0x00000000       0x20 ..\obj\stm32f4xx_tim.o
 .text.TI1_Config
                0x00000000       0x84 ..\obj\stm32f4xx_tim.o
 .text.TI2_Config
                0x00000000       0x98 ..\obj\stm32f4xx_tim.o
 .text.TI3_Config
                0x00000000       0x90 ..\obj\stm32f4xx_tim.o
 .text.TI4_Config
                0x00000000       0x9c ..\obj\stm32f4xx_tim.o

Memory Configuration

Name             Origin             Length             Attributes
rom              0x08000000         0x00100000         xr
ram              0x20000000         0x00020000         xrw
ram1             0x10000000         0x00010000         xrw
*default*        0x00000000         0xffffffff

Linker script and memory map

                0x20020000                _eram = 0x20020000

.text           0x08000000     0x1258
 *(.isr_vector)
 .isr_vector    0x08000000      0x188 ..\obj\startup_stm32f4xx.o
                0x08000000                g_pfnVectors
 *(.text*)
 .text.Default_Reset_Handler
                0x08000188       0x60 ..\obj\startup_stm32f4xx.o
                0x08000188                Default_Reset_Handler
                0x08000188                Reset_Handler
 .text.Default_Handler
                0x080001e8        0x8 ..\obj\startup_stm32f4xx.o
                0x080001e8                RTC_Alarm_IRQHandler
                0x080001e8                HASH_RNG_IRQHandler
                0x080001e8                EXTI2_IRQHandler
                0x080001e8                TIM8_CC_IRQHandler
                0x080001e8                DebugMon_Handler
                0x080001e8                TIM1_CC_IRQHandler
                0x080001e8                DMA2_Stream5_IRQHandler
                0x080001e8                HardFault_Handler
                0x080001e8                DMA1_Stream5_IRQHandler
                0x080001e8                SysTick_Handler
                0x080001e8                PVD_IRQHandler
                0x080001e8                SDIO_IRQHandler
                0x080001e8                TAMP_STAMP_IRQHandler
                0x080001e8                PendSV_Handler
                0x080001e8                NMI_Handler
                0x080001e8                CAN2_RX1_IRQHandler
                0x080001e8                EXTI3_IRQHandler
                0x080001e8                TIM8_TRG_COM_TIM14_IRQHandler
                0x080001e8                TIM1_UP_TIM10_IRQHandler
                0x080001e8                TIM8_UP_TIM13_IRQHandler
                0x080001e8                I2C3_ER_IRQHandler
                0x080001e8                EXTI0_IRQHandler
                0x080001e8                I2C2_EV_IRQHandler
                0x080001e8                DMA1_Stream2_IRQHandler
                0x080001e8                CAN1_RX0_IRQHandler
                0x080001e8                FPU_IRQHandler
                0x080001e8                OTG_HS_WKUP_IRQHandler
                0x080001e8                UsageFault_Handler
                0x080001e8                CAN2_SCE_IRQHandler
                0x080001e8                DMA2_Stream2_IRQHandler
                0x080001e8                SPI1_IRQHandler
                0x080001e8                TIM6_DAC_IRQHandler
                0x080001e8                TIM1_BRK_TIM9_IRQHandler
                0x080001e8                DCMI_IRQHandler
                0x080001e8                CAN2_RX0_IRQHandler
                0x080001e8                DMA2_Stream3_IRQHandler
                0x080001e8                USART6_IRQHandler
                0x080001e8                USART3_IRQHandler
                0x080001e8                CRYP_IRQHandler
                0x080001e8                CAN1_RX1_IRQHandler
                0x080001e8                UART5_IRQHandler
                0x080001e8                DMA2_Stream0_IRQHandler
                0x080001e8                TIM4_IRQHandler
                0x080001e8                I2C1_EV_IRQHandler
                0x080001e8                DMA1_Stream6_IRQHandler
                0x080001e8                DMA1_Stream1_IRQHandler
                0x080001e8                UART4_IRQHandler
                0x080001e8                TIM3_IRQHandler
                0x080001e8                RCC_IRQHandler
                0x080001e8                TIM8_BRK_TIM12_IRQHandler
                0x080001e8                EXTI15_10_IRQHandler
                0x080001e8                ADC_IRQHandler
                0x080001e8                DMA1_Stream7_IRQHandler
                0x080001e8                TIM7_IRQHandler
                0x080001e8                CAN2_TX_IRQHandler
                0x080001e8                TIM5_IRQHandler
                0x080001e8                DMA2_Stream7_IRQHandler
                0x080001e8                I2C3_EV_IRQHandler
                0x080001e8                EXTI9_5_IRQHandler
                0x080001e8                RTC_WKUP_IRQHandler
                0x080001e8                ETH_WKUP_IRQHandler
                0x080001e8                SPI2_IRQHandler
                0x080001e8                OTG_HS_EP1_IN_IRQHandler
                0x080001e8                MemManage_Handler
                0x080001e8                DMA1_Stream0_IRQHandler
                0x080001e8                CAN1_TX_IRQHandler
                0x080001e8                SVC_Handler
                0x080001e8                EXTI4_IRQHandler
                0x080001e8                FSMC_IRQHandler
                0x080001e8                ETH_IRQHandler
                0x080001e8                OTG_HS_EP1_OUT_IRQHandler
                0x080001e8                WWDG_IRQHandler
                0x080001e8                TIM2_IRQHandler
                0x080001e8                OTG_FS_WKUP_IRQHandler
                0x080001e8                TIM1_TRG_COM_TIM11_IRQHandler
                0x080001e8                OTG_HS_IRQHandler
                0x080001e8                EXTI1_IRQHandler
                0x080001e8                USART2_IRQHandler
                0x080001e8                I2C2_ER_IRQHandler
                0x080001e8                DMA2_Stream1_IRQHandler
                0x080001e8                CAN1_SCE_IRQHandler
                0x080001e8                FLASH_IRQHandler
                0x080001e8                DMA2_Stream4_IRQHandler
                0x080001e8                BusFault_Handler
                0x080001e8                USART1_IRQHandler
                0x080001e8                OTG_FS_IRQHandler
                0x080001e8                SPI3_IRQHandler
                0x080001e8                I2C1_ER_IRQHandler
                0x080001e8                DMA2_Stream6_IRQHandler
                0x080001e8                DMA1_Stream3_IRQHandler
 .text.Init_gpio
                0x080001f0       0x48 ..\obj\main.o
                0x080001f0                Init_gpio
 .text.Init_tim
                0x08000238       0x6c ..\obj\main.o
                0x08000238                Init_tim
 .text.Init_dma
                0x080002a4       0x78 ..\obj\main.o
                0x080002a4                Init_dma
 .text.DMA1_Stream4_IRQHandler
                0x0800031c       0x44 ..\obj\main.o
                0x0800031c                DMA1_Stream4_IRQHandler
 .text.DMA_Start
                0x08000360       0x38 ..\obj\main.o
                0x08000360                DMA_Start
 .text.Init_nvic
                0x08000398       0x38 ..\obj\main.o
                0x08000398                Init_nvic
 .text.SetChannel
                0x080003d0       0x40 ..\obj\main.o
                0x080003d0                SetChannel
 .text.Fill_Timer_Buf
                0x08000410      0x118 ..\obj\main.o
                0x08000410                Fill_Timer_Buf
 .text.Refresh  0x08000528       0x20 ..\obj\main.o
                0x08000528                Refresh
 .text.All_LED_RGB
                0x08000548       0x58 ..\obj\main.o
                0x08000548                All_LED_RGB
 .text.One_LED_RGB
                0x080005a0       0x50 ..\obj\main.o
                0x080005a0                One_LED_RGB
 .text.Reset_LEDs
                0x080005f0       0x40 ..\obj\main.o
                0x080005f0                Reset_LEDs
 .text.Init     0x08000630       0xbc ..\obj\main.o
                0x08000630                Init
 .text.Delay    0x080006ec       0x20 ..\obj\main.o
                0x080006ec                Delay
 .text.main     0x0800070c       0x4c ..\obj\main.o
                0x0800070c                main
 .text.RCC_AHB1PeriphClockCmd
                0x08000758       0x3c ..\obj\stm32f4xx_rcc.o
                0x08000758                RCC_AHB1PeriphClockCmd
 .text.RCC_APB1PeriphClockCmd
                0x08000794       0x3c ..\obj\stm32f4xx_rcc.o
                0x08000794                RCC_APB1PeriphClockCmd
 .text.GPIO_Init
                0x080007d0      0x11c ..\obj\stm32f4xx_gpio.o
                0x080007d0                GPIO_Init
 .text.GPIO_PinAFConfig
                0x080008ec       0x90 ..\obj\stm32f4xx_gpio.o
                0x080008ec                GPIO_PinAFConfig
 .text.SystemInit
                0x0800097c       0x5c ..\obj\system_stm32f4xx.o
                0x0800097c                SystemInit
 .text.SetSysClock
                0x080009d8       0xf4 ..\obj\system_stm32f4xx.o
 .text.DMA_DeInit
                0x08000acc      0x1a4 ..\obj\stm32f4xx_dma.o
                0x08000acc                DMA_DeInit
 .text.DMA_Init
                0x08000c70       0xac ..\obj\stm32f4xx_dma.o
                0x08000c70                DMA_Init
 .text.DMA_Cmd  0x08000d1c       0x38 ..\obj\stm32f4xx_dma.o
                0x08000d1c                DMA_Cmd
 .text.DMA_ITConfig
                0x08000d54       0x74 ..\obj\stm32f4xx_dma.o
                0x08000d54                DMA_ITConfig
 .text.DMA_GetITStatus
                0x08000dc8       0xac ..\obj\stm32f4xx_dma.o
                0x08000dc8                DMA_GetITStatus
 .text.DMA_ClearITPendingBit
                0x08000e74       0x5c ..\obj\stm32f4xx_dma.o
                0x08000e74                DMA_ClearITPendingBit
 .text.NVIC_Init
                0x08000ed0       0xc0 ..\obj\misc.o
                0x08000ed0                NVIC_Init
 .text.TIM_TimeBaseInit
                0x08000f90       0xd4 ..\obj\stm32f4xx_tim.o
                0x08000f90                TIM_TimeBaseInit
 .text.TIM_ARRPreloadConfig
                0x08001064       0x40 ..\obj\stm32f4xx_tim.o
                0x08001064                TIM_ARRPreloadConfig
 .text.TIM_Cmd  0x080010a4       0x40 ..\obj\stm32f4xx_tim.o
                0x080010a4                TIM_Cmd
 .text.TIM_OC1Init
                0x080010e4       0xf4 ..\obj\stm32f4xx_tim.o
                0x080010e4                TIM_OC1Init
 .text.TIM_OC1PreloadConfig
                0x080011d8       0x38 ..\obj\stm32f4xx_tim.o
                0x080011d8                TIM_OC1PreloadConfig
 .text.TIM_DMACmd
                0x08001210       0x48 ..\obj\stm32f4xx_tim.o
                0x08001210                TIM_DMACmd
 *(.init)
 *(.fini)
 *crtbegin.o(.ctors)
 *crtbegin?.o(.ctors)
 *(EXCLUDE_FILE(*crtend.o *crtend?.o) .ctors)
 *(SORT(.ctors.*))
 *(.ctors)
 *crtbegin.o(.dtors)
 *crtbegin?.o(.dtors)
 *(EXCLUDE_FILE(*crtend.o *crtend?.o) .dtors)
 *(SORT(.dtors.*))
 *(.dtors)
 *(.rodata*)
 *(.eh_fram e*)

.glue_7         0x08001258        0x0
 .glue_7        0x08001258        0x0 linker stubs

.glue_7t        0x08001258        0x0
 .glue_7t       0x08001258        0x0 linker stubs

.vfp11_veneer   0x08001258        0x0
 .vfp11_veneer  0x08001258        0x0 linker stubs

.v4_bx          0x08001258        0x0
 .v4_bx         0x08001258        0x0 linker stubs

.iplt           0x08001258        0x0
 .iplt          0x08001258        0x0 ..\obj\startup_stm32f4xx.o

.rel.dyn        0x08001258        0x0
 .rel.iplt      0x08001258        0x0 ..\obj\startup_stm32f4xx.o

.ARM.extab
 *(.ARM.extab* .gnu.linkonce.armextab.*)
                0x08001258                __exidx_start = .

.ARM.exidx
 *(.ARM.exidx* .gnu.linkonce.armexidx.*)
                0x08001258                __exidx_end = .
                0x08001258                __etext = .
                0x08001258                _sidata = __etext

.data           0x20000000        0x0 load address 0x08001258
                0x20000000                __data_start__ = .
                0x20000000                _sdata = __data_start__
 *(vtable)
 *(.data*)
                0x20000000                . = ALIGN (0x4)
                [!provide]                PROVIDE (__preinit_array_start, .)
 *(.preinit_array)
                [!provide]                PROVIDE (__preinit_array_end, .)
                0x20000000                . = ALIGN (0x4)
                [!provide]                PROVIDE (__init_array_start, .)
 *(SORT(.init_array.*))
 *(.init_array)
                [!provide]                PROVIDE (__init_array_end, .)
                0x20000000                . = ALIGN (0x4)
                [!provide]                PROVIDE (__fini_array_start, .)
 *(SORT(.fini_array.*))
 *(.fini_array)
                [!provide]                PROVIDE (__fini_array_end, .)
 *(.jcr*)
                0x20000000                . = ALIGN (0x4)
                0x20000000                __data_end__ = .
                0x20000000                _edata = __data_end__

.igot.plt       0x20000000        0x0
 .igot.plt      0x20000000        0x0 ..\obj\startup_stm32f4xx.o

.bss            0x20000000      0x20c
                0x20000000                . = ALIGN (0x4)
                0x20000000                __bss_start__ = .
                0x20000000                _sbss = __bss_start__
 *(.bss*)
 *(COMMON)
 COMMON         0x20000000      0x20c ..\obj\main.o
                0x20000000                pos
                0x20000004                ledmax
                0x20000008                TIMER_BUF
                0x200001e8                dma_status
                0x200001ec                channel
                0x200001f0                str
                0x200001f4                LED_BUF
                0x2000020c                . = ALIGN (0x4)
                0x2000020c                __bss_end__ = .
                0x2000020c                _ebss = __bss_end__

.heap           0x2000020c        0x0
                0x2000020c                __end__ = .
                0x2000020c                _end = __end__
                0x2000020c                end = __end__
 *(.heap*)
                0x2000020c                __HeapLimit = .

.co_stack       0x2000020c      0x804
                0x20000210                . = ALIGN (0x8)
 *fill*         0x2000020c        0x4 
 *(.co_stack .co_stack.*)
 .co_stack      0x20000210      0x800 ..\obj\startup_stm32f4xx.o
                0x20000210                pulStack
                0x20020000                __StackTop = (ORIGIN (ram) + LENGTH (ram))
                0x2001f7fc                __StackLimit = (__StackTop - SIZEOF (.co_stack))
                [!provide]                PROVIDE (__stack, __StackTop)
                0x00000001                ASSERT ((__StackLimit >= __HeapLimit), region ram  overflowed with stack)
LOAD ..\obj\startup_stm32f4xx.o
LOAD ..\obj\main.o
LOAD ..\obj\stm32f4xx_rcc.o
LOAD ..\obj\stm32f4xx_gpio.o
LOAD ..\obj\system_stm32f4xx.o
LOAD ..\obj\syscalls.o
LOAD ..\obj\stm32f4xx_dma.o
LOAD ..\obj\misc.o
LOAD ..\obj\stm32f4xx_tim.o
START GROUP
LOAD c:/coocox-data/gcc-arm-none-eabi-5_4-2016q3-20160926-win32/bin/../lib/gcc/arm-none-eabi/5.4.1/armv7e-m\libgcc.a
LOAD c:/coocox-data/gcc-arm-none-eabi-5_4-2016q3-20160926-win32/bin/../lib/gcc/arm-none-eabi/5.4.1/../../../../arm-none-eabi/lib/armv7e-m\libg.a
LOAD c:/coocox-data/gcc-arm-none-eabi-5_4-2016q3-20160926-win32/bin/../lib/gcc/arm-none-eabi/5.4.1/../../../../arm-none-eabi/lib/armv7e-m\libc.a
END GROUP
OUTPUT(ws2812_test1.elf elf32-littlearm)

.debug_info     0x00000000     0x4ec0
 .debug_info    0x00000000       0xf2 ..\obj\startup_stm32f4xx.o
 .debug_info    0x000000f2      0xc8c ..\obj\main.o
 .debug_info    0x00000d7e      0xc63 ..\obj\stm32f4xx_rcc.o
 .debug_info    0x000019e1      0x61a ..\obj\stm32f4xx_gpio.o
 .debug_info    0x00001ffb      0x5c5 ..\obj\system_stm32f4xx.o
 .debug_info    0x000025c0      0x741 ..\obj\stm32f4xx_dma.o
 .debug_info    0x00002d01      0x556 ..\obj\misc.o
 .debug_info    0x00003257     0x1c69 ..\obj\stm32f4xx_tim.o

.debug_abbrev   0x00000000      0xbf3
 .debug_abbrev  0x00000000       0xb0 ..\obj\startup_stm32f4xx.o
 .debug_abbrev  0x000000b0      0x258 ..\obj\main.o
 .debug_abbrev  0x00000308      0x1e5 ..\obj\stm32f4xx_rcc.o
 .debug_abbrev  0x000004ed      0x1a7 ..\obj\stm32f4xx_gpio.o
 .debug_abbrev  0x00000694      0x138 ..\obj\system_stm32f4xx.o
 .debug_abbrev  0x000007cc      0x157 ..\obj\stm32f4xx_dma.o
 .debug_abbrev  0x00000923      0x147 ..\obj\misc.o
 .debug_abbrev  0x00000a6a      0x189 ..\obj\stm32f4xx_tim.o

.debug_aranges  0x00000000      0x6d0
 .debug_aranges
                0x00000000       0x28 ..\obj\startup_stm32f4xx.o
 .debug_aranges
                0x00000028       0x90 ..\obj\main.o
 .debug_aranges
                0x000000b8      0x178 ..\obj\stm32f4xx_rcc.o
 .debug_aranges
                0x00000230       0x88 ..\obj\stm32f4xx_gpio.o
 .debug_aranges
                0x000002b8       0x30 ..\obj\system_stm32f4xx.o
 .debug_aranges
                0x000002e8       0xb0 ..\obj\stm32f4xx_dma.o
 .debug_aranges
                0x00000398       0x40 ..\obj\misc.o
 .debug_aranges
                0x000003d8      0x2f8 ..\obj\stm32f4xx_tim.o

.debug_ranges   0x00000000      0x650
 .debug_ranges  0x00000000       0x18 ..\obj\startup_stm32f4xx.o
 .debug_ranges  0x00000018       0x80 ..\obj\main.o
 .debug_ranges  0x00000098      0x168 ..\obj\stm32f4xx_rcc.o
 .debug_ranges  0x00000200       0x78 ..\obj\stm32f4xx_gpio.o
 .debug_ranges  0x00000278       0x20 ..\obj\system_stm32f4xx.o
 .debug_ranges  0x00000298       0xa0 ..\obj\stm32f4xx_dma.o
 .debug_ranges  0x00000338       0x30 ..\obj\misc.o
 .debug_ranges  0x00000368      0x2e8 ..\obj\stm32f4xx_tim.o

.debug_line     0x00000000     0x2187
 .debug_line    0x00000000       0xa1 ..\obj\startup_stm32f4xx.o
 .debug_line    0x000000a1      0x414 ..\obj\main.o
 .debug_line    0x000004b5      0x5c5 ..\obj\stm32f4xx_rcc.o
 .debug_line    0x00000a7a      0x380 ..\obj\stm32f4xx_gpio.o
 .debug_line    0x00000dfa      0x204 ..\obj\system_stm32f4xx.o
 .debug_line    0x00000ffe      0x44a ..\obj\stm32f4xx_dma.o
 .debug_line    0x00001448      0x25e ..\obj\misc.o
 .debug_line    0x000016a6      0xae1 ..\obj\stm32f4xx_tim.o

.debug_str      0x00000000     0x240e
 .debug_str     0x00000000      0x134 ..\obj\startup_stm32f4xx.o
                                0x146 (size before relaxing)
 .debug_str     0x00000134      0xc03 ..\obj\main.o
                                0xce8 (size before relaxing)
 .debug_str     0x00000d37      0x64e ..\obj\stm32f4xx_rcc.o
                                0x84f (size before relaxing)
 .debug_str     0x00001385      0x1a2 ..\obj\stm32f4xx_gpio.o
                                0x4a2 (size before relaxing)
 .debug_str     0x00001527      0x117 ..\obj\system_stm32f4xx.o
                                0x3a9 (size before relaxing)
 .debug_str     0x0000163e      0x273 ..\obj\stm32f4xx_dma.o
                                0x541 (size before relaxing)
 .debug_str     0x000018b1      0x160 ..\obj\misc.o
                                0x3cd (size before relaxing)
 .debug_str     0x00001a11      0x9fd ..\obj\stm32f4xx_tim.o
                                0xdcf (size before relaxing)

.comment        0x00000000       0x6e
 .comment       0x00000000       0x6e ..\obj\startup_stm32f4xx.o
                                 0x6f (size before relaxing)
 .comment       0x0000006e       0x6f ..\obj\main.o
 .comment       0x0000006e       0x6f ..\obj\stm32f4xx_rcc.o
 .comment       0x0000006e       0x6f ..\obj\stm32f4xx_gpio.o
 .comment       0x0000006e       0x6f ..\obj\system_stm32f4xx.o
 .comment       0x0000006e       0x6f ..\obj\stm32f4xx_dma.o
 .comment       0x0000006e       0x6f ..\obj\misc.o
 .comment       0x0000006e       0x6f ..\obj\stm32f4xx_tim.o

.ARM.attributes
                0x00000000       0x33
 .ARM.attributes
                0x00000000       0x33 ..\obj\startup_stm32f4xx.o
 .ARM.attributes
                0x00000033       0x33 ..\obj\main.o
 .ARM.attributes
                0x00000066       0x33 ..\obj\stm32f4xx_rcc.o
 .ARM.attributes
                0x00000099       0x33 ..\obj\stm32f4xx_gpio.o
 .ARM.attributes
                0x000000cc       0x33 ..\obj\system_stm32f4xx.o
 .ARM.attributes
                0x000000ff       0x33 ..\obj\stm32f4xx_dma.o
 .ARM.attributes
                0x00000132       0x33 ..\obj\misc.o
 .ARM.attributes
                0x00000165       0x33 ..\obj\stm32f4xx_tim.o

.debug_frame    0x00000000     0x1e28
 .debug_frame   0x00000000       0x4c ..\obj\startup_stm32f4xx.o
 .debug_frame   0x0000004c      0x21c ..\obj\main.o
 .debug_frame   0x00000268      0x6d4 ..\obj\stm32f4xx_rcc.o
 .debug_frame   0x0000093c      0x23c ..\obj\stm32f4xx_gpio.o
 .debug_frame   0x00000b78       0x7c ..\obj\system_stm32f4xx.o
 .debug_frame   0x00000bf4      0x308 ..\obj\stm32f4xx_dma.o
 .debug_frame   0x00000efc       0xd8 ..\obj\misc.o
 .debug_frame   0x00000fd4      0xe54 ..\obj\stm32f4xx_tim.o
